===== 2026-05-13T13:12:58+00:00 state=running =====
# DS4 Low GPU Summary

- Session: low-gpu-20260513-131258
- State: running
- Updated: 2026-05-13T13:12:58+00:00
- Log directory: /home/sna/ai-projects/ds4/summary-logs/low-gpu-20260513-131258
- Run log: /home/sna/ai-projects/ds4/summary-logs/low-gpu-20260513-131258/run.log

## Processes

wrapper: running pid=30822
ds4-server: no pid file
litellm: no pid file
memory-monitor: no pid file
gpu-monitor: no pid file

## Endpoints

ds4 /v1/models: unavailable
litellm /v1/models: unavailable

## GPU

NVIDIA GB10, 0, 12.81, [N/A], [N/A], [N/A], 58

## Memory

               total        used        free      shared  buff/cache   available
Mem:           119Gi       4.5Gi       108Gi        75Mi       8.1Gi       115Gi
Swap:           15Gi       706Mi        15Gi

## Recent Run Log

🧹 Cleaning up existing processes...

===== 2026-05-13T13:13:28+00:00 state=running =====
# DS4 Low GPU Summary

- Session: low-gpu-20260513-131258
- State: running
- Updated: 2026-05-13T13:13:28+00:00
- Log directory: /home/sna/ai-projects/ds4/summary-logs/low-gpu-20260513-131258
- Run log: /home/sna/ai-projects/ds4/summary-logs/low-gpu-20260513-131258/run.log

## Processes

wrapper: running pid=30822
ds4-server: no pid file
litellm: no pid file
memory-monitor: no pid file
gpu-monitor: no pid file

## Endpoints

ds4 /v1/models: unavailable
litellm /v1/models: unavailable

## GPU

NVIDIA GB10, 0, 12.46, [N/A], [N/A], [N/A], 55

## Memory

               total        used        free      shared  buff/cache   available
Mem:           119Gi       4.5Gi       108Gi        75Mi       8.1Gi       115Gi
Swap:           15Gi       705Mi        15Gi

## Recent Run Log

🧹 Cleaning up existing processes...
🎮 Setting GPU throttling to ~15%...
(standard_in) 1: syntax error
(standard_in) 1: syntax error
   GPU: NVIDIA GB10
   Max Power: [N/A]W
   Current: 12.83W

===== 2026-05-13T13:13:58+00:00 state=running =====
# DS4 Low GPU Summary

- Session: low-gpu-20260513-131258
- State: running
- Updated: 2026-05-13T13:13:58+00:00
- Log directory: /home/sna/ai-projects/ds4/summary-logs/low-gpu-20260513-131258
- Run log: /home/sna/ai-projects/ds4/summary-logs/low-gpu-20260513-131258/run.log

## Processes

wrapper: running pid=30822
ds4-server: running pid=31496
litellm: stopped pid=31557
memory-monitor: running pid=31559
gpu-monitor: running pid=31558

## Endpoints

ds4 /v1/models: ok
litellm /v1/models: unavailable

## GPU

NVIDIA GB10, 0, 12.28, [N/A], [N/A], [N/A], 54

## Memory

               total        used        free      shared  buff/cache   available
Mem:           119Gi        93Gi        18Gi       374Mi       8.4Gi        25Gi
Swap:           15Gi       705Mi        15Gi

## Recent Run Log

==========================================
  Model:       ds4flash.gguf
  Context:     100000 tokens
  KV Cache:    /tmp/ds4-kv
  Power Limit: 15%
  Max RAM:     124GB / 95%
==========================================

Services:
  ds4 backend:  http://0.0.0.0:11112/v1/chat/completions
  LiteLLM:     http://0.0.0.0:11111/v1/chat/completions

API Key: dsv4-local

🚀 Starting ds4-server (port 11112)...
   Command: ./ds4-server --host 0.0.0.0 --port 11112 --ctx 100000 --kv-disk-dir /tmp/ds4-kv --kv-disk-space-mb 8192 -m ds4flash.gguf
   PID: 31496
Waiting 10s for ds4 to initialize...
ds4: CUDA backend initialized on NVIDIA GB10 (sm_121)
ds4: CUDA host registration skipped: operation not supported
ds4: CUDA loading model tensors into device cache
ds4: CUDA loading model tensors 16.02 GiB cached
ds4: CUDA loading model tensors 32.06 GiB cached
ds4: CUDA loading model tensors 48.02 GiB cached
ds4: CUDA loading model tensors 64.06 GiB cached
🚀 Starting LiteLLM proxy (port 11111)...
   PID: 31557

📊 Starting GPU and memory monitoring...

📊 GPU monitoring (Ctrl+C to stop):

📊 Memory monitoring (limit: 124GB / 95%)...
   GPU: 10   | Power: 12.85W | Temp: 55°C  ds4: CUDA loading model tensors 80.04 GiB cached
ds4: CUDA startup model cache prepared 80.76 GiB of tensor spans in 10.179s
ds4: cuda backend initialized for graph diagnostics
0513 13:13:44 ds4-server: context buffers 1896.58 MiB (ctx=100000, backend=cuda, prefill_chunk=2048, raw_kv_rows=2304, compressed_kv_rows=25002)
0513 13:13:44 ds4-server: KV disk cache /tmp/ds4-kv (budget=8192 MiB, cross-quant=accept, min=512, cold_max=30000, continued=10000, trim=32, align=2048)
0513 13:13:44 ds4-server: listening on http://0.0.0.0:11112
   GPU: 0    | Power: 12.38W | Temp: 54°C     RAM: 93.907GB / 119.692GB (78%)       GPU: 0    | Power: 12.35W | Temp: 54°C  
===== 2026-05-13T13:14:28+00:00 state=running =====
# DS4 Low GPU Summary

- Session: low-gpu-20260513-131258
- State: running
- Updated: 2026-05-13T13:14:28+00:00
- Log directory: /home/sna/ai-projects/ds4/summary-logs/low-gpu-20260513-131258
- Run log: /home/sna/ai-projects/ds4/summary-logs/low-gpu-20260513-131258/run.log

## Processes

wrapper: running pid=30822
ds4-server: running pid=31496
litellm: stopped pid=31557
memory-monitor: running pid=31559
gpu-monitor: running pid=31558

## Endpoints

ds4 /v1/models: ok
litellm /v1/models: unavailable

## GPU

NVIDIA GB10, 0, 12.03, [N/A], [N/A], [N/A], 52

## Memory

               total        used        free      shared  buff/cache   available
Mem:           119Gi        93Gi        18Gi       374Mi       8.4Gi        25Gi
Swap:           15Gi       705Mi        15Gi

## Recent Run Log

==========================================
  Model:       ds4flash.gguf
  Context:     100000 tokens
  KV Cache:    /tmp/ds4-kv
  Power Limit: 15%
  Max RAM:     124GB / 95%
==========================================

Services:
  ds4 backend:  http://0.0.0.0:11112/v1/chat/completions
  LiteLLM:     http://0.0.0.0:11111/v1/chat/completions

API Key: dsv4-local

🚀 Starting ds4-server (port 11112)...
   Command: ./ds4-server --host 0.0.0.0 --port 11112 --ctx 100000 --kv-disk-dir /tmp/ds4-kv --kv-disk-space-mb 8192 -m ds4flash.gguf
   PID: 31496
Waiting 10s for ds4 to initialize...
ds4: CUDA backend initialized on NVIDIA GB10 (sm_121)
ds4: CUDA host registration skipped: operation not supported
ds4: CUDA loading model tensors into device cache
ds4: CUDA loading model tensors 16.02 GiB cached
ds4: CUDA loading model tensors 32.06 GiB cached
ds4: CUDA loading model tensors 48.02 GiB cached
ds4: CUDA loading model tensors 64.06 GiB cached
🚀 Starting LiteLLM proxy (port 11111)...
   PID: 31557

📊 Starting GPU and memory monitoring...

📊 GPU monitoring (Ctrl+C to stop):

📊 Memory monitoring (limit: 124GB / 95%)...
   GPU: 10   | Power: 12.85W | Temp: 55°C  ds4: CUDA loading model tensors 80.04 GiB cached
ds4: CUDA startup model cache prepared 80.76 GiB of tensor spans in 10.179s
ds4: cuda backend initialized for graph diagnostics
0513 13:13:44 ds4-server: context buffers 1896.58 MiB (ctx=100000, backend=cuda, prefill_chunk=2048, raw_kv_rows=2304, compressed_kv_rows=25002)
0513 13:13:44 ds4-server: KV disk cache /tmp/ds4-kv (budget=8192 MiB, cross-quant=accept, min=512, cold_max=30000, continued=10000, trim=32, align=2048)
0513 13:13:44 ds4-server: listening on http://0.0.0.0:11112
   GPU: 0    | Power: 12.38W | Temp: 54°C     RAM: 93.907GB / 119.692GB (78%)       GPU: 0    | Power: 12.35W | Temp: 54°C     GPU: 0    | Power: 12.27W | Temp: 54°C     GPU: 0    | Power: 12.19W | Temp: 53°C     GPU: 0    | Power: 12.22W | Temp: 53°C     GPU: 0    | Power: 12.07W | Temp: 53°C     GPU: 0    | Power: 12.02W | Temp: 53°C     GPU: 0    | Power: 12.03W | Temp: 52°C  
===== 2026-05-13T13:14:44+00:00 state=interrupted =====
# DS4 Low GPU Summary

- Session: low-gpu-20260513-131258
- State: interrupted
- Updated: 2026-05-13T13:14:44+00:00
- Log directory: /home/sna/ai-projects/ds4/summary-logs/low-gpu-20260513-131258
- Run log: /home/sna/ai-projects/ds4/summary-logs/low-gpu-20260513-131258/run.log

## Processes

wrapper: running pid=30822
ds4-server: running pid=31496
litellm: stopped pid=31557
memory-monitor: running pid=31559
gpu-monitor: running pid=31558

## Endpoints

ds4 /v1/models: unavailable
litellm /v1/models: unavailable

## GPU

NVIDIA GB10, 0, 11.96, [N/A], [N/A], [N/A], 52

## Memory

               total        used        free      shared  buff/cache   available
Mem:           119Gi        91Gi        20Gi       374Mi       8.4Gi        27Gi
Swap:           15Gi       705Mi        15Gi

## Recent Run Log

==========================================
  Model:       ds4flash.gguf
  Context:     100000 tokens
  KV Cache:    /tmp/ds4-kv
  Power Limit: 15%
  Max RAM:     124GB / 95%
==========================================

Services:
  ds4 backend:  http://0.0.0.0:11112/v1/chat/completions
  LiteLLM:     http://0.0.0.0:11111/v1/chat/completions

API Key: dsv4-local

🚀 Starting ds4-server (port 11112)...
   Command: ./ds4-server --host 0.0.0.0 --port 11112 --ctx 100000 --kv-disk-dir /tmp/ds4-kv --kv-disk-space-mb 8192 -m ds4flash.gguf
   PID: 31496
Waiting 10s for ds4 to initialize...
ds4: CUDA backend initialized on NVIDIA GB10 (sm_121)
ds4: CUDA host registration skipped: operation not supported
ds4: CUDA loading model tensors into device cache
ds4: CUDA loading model tensors 16.02 GiB cached
ds4: CUDA loading model tensors 32.06 GiB cached
ds4: CUDA loading model tensors 48.02 GiB cached
ds4: CUDA loading model tensors 64.06 GiB cached
🚀 Starting LiteLLM proxy (port 11111)...
   PID: 31557

📊 Starting GPU and memory monitoring...

📊 GPU monitoring (Ctrl+C to stop):

📊 Memory monitoring (limit: 124GB / 95%)...
   GPU: 10   | Power: 12.85W | Temp: 55°C  ds4: CUDA loading model tensors 80.04 GiB cached
ds4: CUDA startup model cache prepared 80.76 GiB of tensor spans in 10.179s
ds4: cuda backend initialized for graph diagnostics
0513 13:13:44 ds4-server: context buffers 1896.58 MiB (ctx=100000, backend=cuda, prefill_chunk=2048, raw_kv_rows=2304, compressed_kv_rows=25002)
0513 13:13:44 ds4-server: KV disk cache /tmp/ds4-kv (budget=8192 MiB, cross-quant=accept, min=512, cold_max=30000, continued=10000, trim=32, align=2048)
0513 13:13:44 ds4-server: listening on http://0.0.0.0:11112
   GPU: 0    | Power: 12.38W | Temp: 54°C     RAM: 93.907GB / 119.692GB (78%)       GPU: 0    | Power: 12.35W | Temp: 54°C     GPU: 0    | Power: 12.27W | Temp: 54°C     GPU: 0    | Power: 12.19W | Temp: 53°C     GPU: 0    | Power: 12.22W | Temp: 53°C     GPU: 0    | Power: 12.07W | Temp: 53°C     GPU: 0    | Power: 12.02W | Temp: 53°C     GPU: 0    | Power: 12.03W | Temp: 52°C     GPU: 0    | Power: 11.98W | Temp: 52°C     RAM: 93.8346GB / 119.692GB (78%)       GPU: 0    | Power: 11.91W | Temp: 52°C     GPU: 0    | Power: 11.98W | Temp: 52°C     GPU: 0    | Power: 11.93W | Temp: 52°C  
