===== 2026-05-13T13:30:36+00:00 state=running =====
# DS4 Low GPU Summary

- Session: model
- State: running
- Updated: 2026-05-13T13:30:36+00:00
- Log directory: /home/sna/ai-projects/ds4/summary-logs/repo-work-20260513-133036/model
- Run log: /home/sna/ai-projects/ds4/summary-logs/repo-work-20260513-133036/model/run.log

## Processes

wrapper: running pid=41920
ds4-server: running pid=36955
litellm: stopped pid=37017
memory-monitor: running pid=37019
gpu-monitor: running pid=37018

## Endpoints

ds4 /v1/models: ok
litellm /v1/models: unavailable

## GPU

NVIDIA GB10, 0, 11.55, [N/A], [N/A], [N/A], 44

## Memory

               total        used        free      shared  buff/cache   available
Mem:           119Gi        92Gi        19Gi       374Mi       8.9Gi        27Gi
Swap:           15Gi       704Mi        15Gi

## Recent Run Log

🧹 Cleaning up existing processes...

===== 2026-05-13T13:31:07+00:00 state=running =====
# DS4 Low GPU Summary

- Session: model
- State: running
- Updated: 2026-05-13T13:31:07+00:00
- Log directory: /home/sna/ai-projects/ds4/summary-logs/repo-work-20260513-133036/model
- Run log: /home/sna/ai-projects/ds4/summary-logs/repo-work-20260513-133036/model/run.log

## Processes

wrapper: running pid=41920
ds4-server: running pid=42063
litellm: stopped pid=42160
memory-monitor: running pid=42162
gpu-monitor: running pid=42161

## Endpoints

ds4 /v1/models: ok
litellm /v1/models: unavailable

## GPU

NVIDIA GB10, 0, 11.10, [N/A], [N/A], [N/A], 45

## Memory

               total        used        free      shared  buff/cache   available
Mem:           119Gi        94Gi        18Gi       374Mi       8.9Gi        25Gi
Swap:           15Gi       704Mi        15Gi

## Recent Run Log

==========================================
  Model:       ds4flash.gguf
  Context:     100000 tokens
  KV Cache:    /tmp/ds4-kv
  Power Limit: 15%
  Max RAM:     124GB / 95%
==========================================

Services:
  ds4 backend:  http://0.0.0.0:11112/v1/chat/completions
  LiteLLM:     http://0.0.0.0:11111/v1/chat/completions

API Key: dsv4-local

🚀 Starting ds4-server (port 11112)...
   Command: ./ds4-server --host 0.0.0.0 --port 11112 --ctx 100000 --kv-disk-dir /tmp/ds4-kv --kv-disk-space-mb 8192 -m ds4flash.gguf
   PID: 42063
Waiting 10s for ds4 to initialize...
ds4: CUDA backend initialized on NVIDIA GB10 (sm_121)
ds4: CUDA host registration skipped: operation not supported
ds4: CUDA loading model tensors into device cache
ds4: CUDA loading model tensors 16.02 GiB cached
ds4: CUDA loading model tensors 32.06 GiB cached
ds4: CUDA loading model tensors 48.02 GiB cached
ds4: CUDA loading model tensors 64.06 GiB cached
🚀 Starting LiteLLM proxy (port 11111)...
   PID: 42160

📊 Starting GPU and memory monitoring...

📊 GPU monitoring (Ctrl+C to stop):

📊 Memory monitoring (limit: 124GB / 95%)...
   GPU: 21   | Power: 11.52W | Temp: 45°C  ds4: CUDA loading model tensors 80.04 GiB cached
ds4: CUDA startup model cache prepared 80.76 GiB of tensor spans in 10.053s
ds4: cuda backend initialized for graph diagnostics
0513 13:31:01 ds4-server: context buffers 1896.58 MiB (ctx=100000, backend=cuda, prefill_chunk=2048, raw_kv_rows=2304, compressed_kv_rows=25002)
0513 13:31:01 ds4-server: KV disk cache /tmp/ds4-kv (budget=8192 MiB, cross-quant=accept, min=512, cold_max=30000, continued=10000, trim=32, align=2048)
0513 13:31:01 ds4-server: listening on http://0.0.0.0:11112
   GPU: 0    | Power: 11.05W | Temp: 45°C  
===== 2026-05-13T13:31:37+00:00 state=running =====
# DS4 Low GPU Summary

- Session: model
- State: running
- Updated: 2026-05-13T13:31:37+00:00
- Log directory: /home/sna/ai-projects/ds4/summary-logs/repo-work-20260513-133036/model
- Run log: /home/sna/ai-projects/ds4/summary-logs/repo-work-20260513-133036/model/run.log

## Processes

wrapper: running pid=41920
ds4-server: running pid=42063
litellm: stopped pid=42160
memory-monitor: running pid=42162
gpu-monitor: running pid=42161

## Endpoints

ds4 /v1/models: ok
litellm /v1/models: unavailable

## GPU

NVIDIA GB10, 0, 11.04, [N/A], [N/A], [N/A], 44

## Memory

               total        used        free      shared  buff/cache   available
Mem:           119Gi        93Gi        18Gi       374Mi       8.9Gi        25Gi
Swap:           15Gi       704Mi        15Gi

## Recent Run Log

==========================================
  Model:       ds4flash.gguf
  Context:     100000 tokens
  KV Cache:    /tmp/ds4-kv
  Power Limit: 15%
  Max RAM:     124GB / 95%
==========================================

Services:
  ds4 backend:  http://0.0.0.0:11112/v1/chat/completions
  LiteLLM:     http://0.0.0.0:11111/v1/chat/completions

API Key: dsv4-local

🚀 Starting ds4-server (port 11112)...
   Command: ./ds4-server --host 0.0.0.0 --port 11112 --ctx 100000 --kv-disk-dir /tmp/ds4-kv --kv-disk-space-mb 8192 -m ds4flash.gguf
   PID: 42063
Waiting 10s for ds4 to initialize...
ds4: CUDA backend initialized on NVIDIA GB10 (sm_121)
ds4: CUDA host registration skipped: operation not supported
ds4: CUDA loading model tensors into device cache
ds4: CUDA loading model tensors 16.02 GiB cached
ds4: CUDA loading model tensors 32.06 GiB cached
ds4: CUDA loading model tensors 48.02 GiB cached
ds4: CUDA loading model tensors 64.06 GiB cached
🚀 Starting LiteLLM proxy (port 11111)...
   PID: 42160

📊 Starting GPU and memory monitoring...

📊 GPU monitoring (Ctrl+C to stop):

📊 Memory monitoring (limit: 124GB / 95%)...
   GPU: 21   | Power: 11.52W | Temp: 45°C  ds4: CUDA loading model tensors 80.04 GiB cached
ds4: CUDA startup model cache prepared 80.76 GiB of tensor spans in 10.053s
ds4: cuda backend initialized for graph diagnostics
0513 13:31:01 ds4-server: context buffers 1896.58 MiB (ctx=100000, backend=cuda, prefill_chunk=2048, raw_kv_rows=2304, compressed_kv_rows=25002)
0513 13:31:01 ds4-server: KV disk cache /tmp/ds4-kv (budget=8192 MiB, cross-quant=accept, min=512, cold_max=30000, continued=10000, trim=32, align=2048)
0513 13:31:01 ds4-server: listening on http://0.0.0.0:11112
   GPU: 0    | Power: 11.05W | Temp: 45°C     RAM: 94.0321GB / 119.692GB (79%)       GPU: 0    | Power: 11.07W | Temp: 44°C     GPU: 0    | Power: 11.09W | Temp: 44°C     GPU: 0    | Power: 11.07W | Temp: 44°C     GPU: 0    | Power: 11.12W | Temp: 44°C     GPU: 0    | Power: 11.09W | Temp: 44°C     GPU: 0    | Power: 11.01W | Temp: 44°C  
===== 2026-05-13T13:31:57+00:00 state=interrupted =====
# DS4 Low GPU Summary

- Session: model
- State: interrupted
- Updated: 2026-05-13T13:31:57+00:00
- Log directory: /home/sna/ai-projects/ds4/summary-logs/repo-work-20260513-133036/model
- Run log: /home/sna/ai-projects/ds4/summary-logs/repo-work-20260513-133036/model/run.log

## Processes

wrapper: running pid=41920
ds4-server: running pid=42063
litellm: stopped pid=42160
memory-monitor: running pid=42162
gpu-monitor: running pid=42161

## Endpoints

ds4 /v1/models: unavailable
litellm /v1/models: unavailable

## GPU

NVIDIA GB10, 0, 11.02, [N/A], [N/A], [N/A], 44

## Memory

               total        used        free      shared  buff/cache   available
Mem:           119Gi        90Gi        21Gi       374Mi       8.9Gi        29Gi
Swap:           15Gi       704Mi        15Gi

## Recent Run Log

==========================================
  Model:       ds4flash.gguf
  Context:     100000 tokens
  KV Cache:    /tmp/ds4-kv
  Power Limit: 15%
  Max RAM:     124GB / 95%
==========================================

Services:
  ds4 backend:  http://0.0.0.0:11112/v1/chat/completions
  LiteLLM:     http://0.0.0.0:11111/v1/chat/completions

API Key: dsv4-local

🚀 Starting ds4-server (port 11112)...
   Command: ./ds4-server --host 0.0.0.0 --port 11112 --ctx 100000 --kv-disk-dir /tmp/ds4-kv --kv-disk-space-mb 8192 -m ds4flash.gguf
   PID: 42063
Waiting 10s for ds4 to initialize...
ds4: CUDA backend initialized on NVIDIA GB10 (sm_121)
ds4: CUDA host registration skipped: operation not supported
ds4: CUDA loading model tensors into device cache
ds4: CUDA loading model tensors 16.02 GiB cached
ds4: CUDA loading model tensors 32.06 GiB cached
ds4: CUDA loading model tensors 48.02 GiB cached
ds4: CUDA loading model tensors 64.06 GiB cached
🚀 Starting LiteLLM proxy (port 11111)...
   PID: 42160

📊 Starting GPU and memory monitoring...

📊 GPU monitoring (Ctrl+C to stop):

📊 Memory monitoring (limit: 124GB / 95%)...
   GPU: 21   | Power: 11.52W | Temp: 45°C  ds4: CUDA loading model tensors 80.04 GiB cached
ds4: CUDA startup model cache prepared 80.76 GiB of tensor spans in 10.053s
ds4: cuda backend initialized for graph diagnostics
0513 13:31:01 ds4-server: context buffers 1896.58 MiB (ctx=100000, backend=cuda, prefill_chunk=2048, raw_kv_rows=2304, compressed_kv_rows=25002)
0513 13:31:01 ds4-server: KV disk cache /tmp/ds4-kv (budget=8192 MiB, cross-quant=accept, min=512, cold_max=30000, continued=10000, trim=32, align=2048)
0513 13:31:01 ds4-server: listening on http://0.0.0.0:11112
   GPU: 0    | Power: 11.05W | Temp: 45°C     RAM: 94.0321GB / 119.692GB (79%)       GPU: 0    | Power: 11.07W | Temp: 44°C     GPU: 0    | Power: 11.09W | Temp: 44°C     GPU: 0    | Power: 11.07W | Temp: 44°C     GPU: 0    | Power: 11.12W | Temp: 44°C     GPU: 0    | Power: 11.09W | Temp: 44°C     GPU: 0    | Power: 11.01W | Temp: 44°C     GPU: 0    | Power: 11.07W | Temp: 44°C     GPU: 0    | Power: 10.99W | Temp: 44°C     RAM: 93.899GB / 119.692GB (78%)       GPU: 0    | Power: 11.02W | Temp: 44°C     GPU: 0    | Power: 11.05W | Temp: 44°C  
